
> sehat-potli-backend@1.0.0 start
> node index.js

PostgreSQL Connected
Database synced
sehat-potli-backend running on port 4000
[0mGET /api/admin/orders [32m200[0m 75.707 ms - 45[0m
[0mPOST /api/admin/login [32m200[0m 97.669 ms - 255[0m
[0mGET /api/admin/orders [32m200[0m 4.539 ms - 45[0m
[0mGET /api/products/browse?limit=1 [32m200[0m 12.952 ms - 1180[0m
[0mPOST /api/products/04ee69c2-baf1-4495-9694-4403135b16fb/reviews/verify [33m400[0m 37.185 ms - 71[0m
[0mPOST /api/products/04ee69c2-baf1-4495-9694-4403135b16fb/reviews/verify [32m200[0m 6.311 ms - 67[0m
[0mPOST /api/products/04ee69c2-baf1-4495-9694-4403135b16fb/reviews [32m201[0m 29.987 ms - 345[0m
[0mPOST /api/products/04ee69c2-baf1-4495-9694-4403135b16fb/reviews/verify [33m400[0m 5.271 ms - 81[0m
[0mGET /api/products/04ee69c2-baf1-4495-9694-4403135b16fb/reviews [32m200[0m 1.939 ms - 328[0m
[0mPUT /api/admin/products/04ee69c2-baf1-4495-9694-4403135b16fb [32m200[0m 59.175 ms - 1579[0m
[0mGET /api/products/04ee69c2-baf1-4495-9694-4403135b16fb [32m200[0m 65.716 ms - 1204[0m
[0mGET /api/products/f6f212db-eb4c-4d72-8f2b-052bd1233a4b [32m200[0m 44.337 ms - 1058[0m
[0mGET /api/products/f6f212db-eb4c-4d72-8f2b-052bd1233a4b [32m200[0m 5.665 ms - 1058[0m
[0mGET /api/products/f6f212db-eb4c-4d72-8f2b-052bd1233a4b [32m200[0m 44.089 ms - 1058[0m
[0mGET /api/products/f6f212db-eb4c-4d72-8f2b-052bd1233a4b [32m200[0m 12.527 ms - 1058[0m
[0mGET /api/products/f6f212db-eb4c-4d72-8f2b-052bd1233a4b [32m200[0m 8.870 ms - 1058[0m
[0mGET /api/products/f6f212db-eb4c-4d72-8f2b-052bd1233a4b [32m200[0m 5.700 ms - 1058[0m
[0mGET /api/products/f6f212db-eb4c-4d72-8f2b-052bd1233a4b [32m200[0m 7.365 ms - 1058[0m
[0mGET /api/products/f6f212db-eb4c-4d72-8f2b-052bd1233a4b [32m200[0m 6.683 ms - 1058[0m
[0mGET /api/products/f6f212db-eb4c-4d72-8f2b-052bd1233a4b [32m200[0m 9.564 ms - 1058[0m
[0mGET /api/products/f6f212db-eb4c-4d72-8f2b-052bd1233a4b [32m200[0m 5.016 ms - 1058[0m
[0mGET /api/products/f6f212db-eb4c-4d72-8f2b-052bd1233a4b [32m200[0m 7.335 ms - 1058[0m
[0mGET /api/products/f6f212db-eb4c-4d72-8f2b-052bd1233a4b [32m200[0m 64.988 ms - 1058[0m
[0mGET /api/products/f6f212db-eb4c-4d72-8f2b-052bd1233a4b [32m200[0m 31.227 ms - 1058[0m
[0mGET /api/products/f6f212db-eb4c-4d72-8f2b-052bd1233a4b [32m200[0m 10.885 ms - 1058[0m
[0mGET /api/products/f6f212db-eb4c-4d72-8f2b-052bd1233a4b [32m200[0m 9.872 ms - 1058[0m
[0mGET /api/products/f6f212db-eb4c-4d72-8f2b-052bd1233a4b [32m200[0m 9.147 ms - 1058[0m
[0mGET /api/products/f6f212db-eb4c-4d72-8f2b-052bd1233a4b [32m200[0m 3.756 ms - 1058[0m
[0mGET /api/products/f6f212db-eb4c-4d72-8f2b-052bd1233a4b [32m200[0m 6.888 ms - 1058[0m
[0mGET /api/products/f6f212db-eb4c-4d72-8f2b-052bd1233a4b [32m200[0m 4.509 ms - 1058[0m
[0mGET /api/products/f6f212db-eb4c-4d72-8f2b-052bd1233a4b [32m200[0m 3.587 ms - 1058[0m
[0mGET /api/products/f6f212db-eb4c-4d72-8f2b-052bd1233a4b [32m200[0m 3.882 ms - 1058[0m
[0mGET /api/products/f6f212db-eb4c-4d72-8f2b-052bd1233a4b [32m200[0m 4.444 ms - 1058[0m
[0mGET /api/products/f6f212db-eb4c-4d72-8f2b-052bd1233a4b [32m200[0m 3.993 ms - 1058[0m
[0mGET /api/products/f6f212db-eb4c-4d72-8f2b-052bd1233a4b [32m200[0m 4.240 ms - 1058[0m
[0mGET /api/products/f6f212db-eb4c-4d72-8f2b-052bd1233a4b [32m200[0m 4.213 ms - 1058[0m
[0mGET /api/products/f6f212db-eb4c-4d72-8f2b-052bd1233a4b [32m200[0m 3.987 ms - 1058[0m
[0mGET /api/products/f6f212db-eb4c-4d72-8f2b-052bd1233a4b [32m200[0m 3.013 ms - 1058[0m
[0mGET /api/products/f6f212db-eb4c-4d72-8f2b-052bd1233a4b [32m200[0m 4.371 ms - 1058[0m
[0mGET /api/products/f6f212db-eb4c-4d72-8f2b-052bd1233a4b [32m200[0m 3.107 ms - 1058[0m
[0mGET /api/products/f6f212db-eb4c-4d72-8f2b-052bd1233a4b [32m200[0m 4.843 ms - 1058[0m
[0mGET /api/products/f6f212db-eb4c-4d72-8f2b-052bd1233a4b [32m200[0m 41.719 ms - 1058[0m
[0mGET /api/products/f6f212db-eb4c-4d72-8f2b-052bd1233a4b/reviews [32m200[0m 43.291 ms - 45[0m
[0mGET /api/products/f6f212db-eb4c-4d72-8f2b-052bd1233a4b [32m200[0m 47.025 ms - 1058[0m
[0mGET /api/products/f6f212db-eb4c-4d72-8f2b-052bd1233a4b/reviews [32m200[0m 5.635 ms - 45[0m
[0mGET /api/products/f6f212db-eb4c-4d72-8f2b-052bd1233a4b [32m200[0m 10.074 ms - 1058[0m
[0mGET /api/products/f6f212db-eb4c-4d72-8f2b-052bd1233a4b/reviews [32m200[0m 1.224 ms - 45[0m
[0mGET /api/products/f6f212db-eb4c-4d72-8f2b-052bd1233a4b [32m200[0m 8.023 ms - 1058[0m
[0mGET /api/products/f6f212db-eb4c-4d72-8f2b-052bd1233a4b/reviews [32m200[0m 2.434 ms - 45[0m
[0mGET /api/products/f6f212db-eb4c-4d72-8f2b-052bd1233a4b [32m200[0m 5.369 ms - 1058[0m
[0mOPTIONS /api/products/browse?categoryId=ef1b7fd7-6a3d-4d2e-b747-324e84af9682&limit=8 [32m204[0m 0.396 ms - 0[0m
[0mOPTIONS /api/products/browse?categoryId=ef1b7fd7-6a3d-4d2e-b747-324e84af9682&limit=8 [32m204[0m 0.230 ms - 0[0m
[0mGET /api/products/browse?categoryId=ef1b7fd7-6a3d-4d2e-b747-324e84af9682&limit=8 [32m200[0m 10.629 ms - 2120[0m
[0mGET /api/products/browse?categoryId=ef1b7fd7-6a3d-4d2e-b747-324e84af9682&limit=8 [32m200[0m 16.307 ms - 2120[0m
[0mGET /api/products/f6f212db-eb4c-4d72-8f2b-052bd1233a4b/reviews [32m200[0m 38.245 ms - 45[0m
[0mGET /api/products/f6f212db-eb4c-4d72-8f2b-052bd1233a4b [32m200[0m 44.329 ms - 1058[0m
[0mGET /api/products/f6f212db-eb4c-4d72-8f2b-052bd1233a4b/reviews [32m200[0m 5.935 ms - 45[0m
[0mGET /api/products/f6f212db-eb4c-4d72-8f2b-052bd1233a4b [32m200[0m 9.429 ms - 1058[0m
[0mGET /api/products/04ee69c2-baf1-4495-9694-4403135b16fb/reviews [32m200[0m 42.309 ms - 45[0m
[0mGET /api/products/04ee69c2-baf1-4495-9694-4403135b16fb [32m200[0m 47.629 ms - 1204[0m
[0mGET /api/products/04ee69c2-baf1-4495-9694-4403135b16fb/reviews [32m200[0m 3.241 ms - 45[0m
[0mGET /api/products/04ee69c2-baf1-4495-9694-4403135b16fb [32m200[0m 8.364 ms - 1204[0m
[0mGET /api/home [32m200[0m 49.352 ms - 19859[0m
[0mGET /api/home [32m200[0m 103.618 ms - 19859[0m
[0mGET /api/products/dffb60f6-4a23-4fe0-b80b-1bf4b1fbf7e2/reviews [32m200[0m 57.735 ms - 45[0m
[0mGET /api/products/dffb60f6-4a23-4fe0-b80b-1bf4b1fbf7e2 [32m200[0m 65.130 ms - 1235[0m
[0mOPTIONS /api/products/browse?categoryId=d77c58d4-2bcf-4a60-a258-592d0b231505&limit=8 [32m204[0m 0.258 ms - 0[0m
[0mOPTIONS /api/products/browse?categoryId=d77c58d4-2bcf-4a60-a258-592d0b231505&limit=8 [32m204[0m 0.274 ms - 0[0m
[0mGET /api/products/browse?categoryId=d77c58d4-2bcf-4a60-a258-592d0b231505&limit=8 [32m200[0m 16.227 ms - 1281[0m
[0mGET /api/products/browse?categoryId=d77c58d4-2bcf-4a60-a258-592d0b231505&limit=8 [32m200[0m 14.254 ms - 1281[0m
[0mOPTIONS /api/admin/products [32m204[0m 0.446 ms - 0[0m
[0mOPTIONS /api/admin/products [32m204[0m 0.915 ms - 0[0m
[0mGET /api/admin/products [32m200[0m 31.533 ms - 15081[0m
[0mGET /api/admin/products [32m200[0m 30.759 ms - 15081[0m
[0mGET /uploads/1785251337573-642092477.png [36m304[0m 10.285 ms - -[0m
[0mGET /uploads/1785251155451-258221939.png [36m304[0m 9.509 ms - -[0m
[0mGET /uploads/1785251099381-938425980.png [36m304[0m 13.170 ms - -[0m
[0mGET /uploads/1785251024847-71282802.png [36m304[0m 13.861 ms - -[0m
[0mGET /uploads/1785250948854-303365295.png [36m304[0m 13.661 ms - -[0m
[0mGET /uploads/1785250886871-141809053.png [36m304[0m 13.893 ms - -[0m
[0mGET /uploads/1785250852114-886626688.png [36m304[0m 1.864 ms - -[0m
[0mGET /uploads/1785250759636-281350892.png [36m304[0m 2.512 ms - -[0m
[0mGET /uploads/1785250026520-69302180.png [36m304[0m 1.954 ms - -[0m
[0mGET /uploads/1785248990032-58043166.png [36m304[0m 2.127 ms - -[0m
[0mOPTIONS /api/admin/products/f3aba986-16d6-43cc-9fb7-acd020582a21 [32m204[0m 0.480 ms - 0[0m
[0mOPTIONS /api/admin/products/f3aba986-16d6-43cc-9fb7-acd020582a21 [32m204[0m 0.404 ms - 0[0m
[0mGET /api/admin/products/f3aba986-16d6-43cc-9fb7-acd020582a21 [32m200[0m 25.166 ms - 1413[0m
[0mGET /api/admin/products/f3aba986-16d6-43cc-9fb7-acd020582a21 [32m200[0m 22.750 ms - 1413[0m
[0mOPTIONS /api/admin/categories [32m204[0m 0.222 ms - 0[0m
[0mOPTIONS /api/admin/categories [32m204[0m 0.367 ms - 0[0m
[0mGET /api/admin/categories [32m200[0m 7.772 ms - 1363[0m
[0mGET /api/admin/categories [32m200[0m 5.779 ms - 1363[0m
[0mOPTIONS /api/admin/newsletter-subscribers [32m204[0m 0.310 ms - 0[0m
[0mOPTIONS /api/admin/newsletter-subscribers [32m204[0m 0.193 ms - 0[0m
[0mGET /api/admin/newsletter-subscribers [32m200[0m 57.222 ms - 45[0m
[0mGET /api/admin/newsletter-subscribers [32m200[0m 54.139 ms - 45[0m
[0mGET /api/home [32m200[0m 38.986 ms - 19859[0m
[0mOPTIONS /api/admin/products/f3aba986-16d6-43cc-9fb7-acd020582a21 [32m204[0m 0.241 ms - 0[0m
[0mOPTIONS /api/admin/products/f3aba986-16d6-43cc-9fb7-acd020582a21 [32m204[0m 0.351 ms - 0[0m
[0mGET /api/admin/products/f3aba986-16d6-43cc-9fb7-acd020582a21 [32m200[0m 83.531 ms - 1413[0m
[0mGET /api/admin/products/f3aba986-16d6-43cc-9fb7-acd020582a21 [32m200[0m 85.908 ms - 1413[0m
[0mOPTIONS /api/admin/categories [32m204[0m 0.245 ms - 0[0m
[0mOPTIONS /api/admin/categories [32m204[0m 0.180 ms - 0[0m
[0mGET /uploads/1785251337573-642092477.png [36m304[0m 1.514 ms - -[0m
[0mGET /api/admin/categories [32m200[0m 6.629 ms - 1363[0m
[0mGET /api/admin/categories [32m200[0m 4.741 ms - 1363[0m
[0mOPTIONS /api/admin/dashboard [32m204[0m 0.399 ms - 0[0m
[0mOPTIONS /api/admin/dashboard [32m204[0m 0.428 ms - 0[0m
[0mGET /api/admin/dashboard [32m200[0m 32.342 ms - 135[0m
[0mGET /api/admin/dashboard [32m200[0m 24.687 ms - 135[0m
